// Jest Snapshot v1, https://goo.gl/fbAQLP

exports[`<WidgetListing /> When we have a filled state with one widget, it should display a widget list with one element 1`] = `
<DocumentFragment>
  <div
    class="MuiGrid-root MuiGrid-item MuiGrid-grid-xs-6"
  >
    <div
      class="MuiPaper-root MuiCard-root widget-card MuiPaper-outlined MuiPaper-rounded"
    >
      <div
        class="MuiCardContent-root"
      >
        <p
          class="MuiTypography-root MuiTypography-body1 MuiTypography-gutterBottom"
        >
          Name: Doge
        </p>
        <p
          class="MuiTypography-root MuiTypography-body1 MuiTypography-gutterBottom"
        >
          Language: Meme
        </p>
      </div>
      <div
        class="MuiCardActions-root MuiCardActions-spacing"
      >
        <button
          class="MuiButtonBase-root MuiButton-root MuiButton-contained delete-btn MuiButton-containedSecondary MuiButton-fullWidth"
          tabindex="0"
          type="button"
        >
          <span
            class="MuiButton-label"
          >
            Delete
          </span>
          <span
            class="MuiTouchRipple-root"
          />
        </button>
      </div>
    </div>
  </div>
</DocumentFragment>
`;

exports[`<WidgetListing /> When we have initial empty state, it should display a an empty widget list 1`] = `<DocumentFragment />`;
